  console.log
    Ôùç injected env (7) from .env // tip: Ôîÿ multiple files { path: ['.env.local', '.env'] }

      at _log (node_modules/dotenv/lib/main.js:131:11)

node.exe : FAIL tests/saleOrder.test.js (5.772 s)
Au caractère Ligne:1 : 1
+ & "C:\nvm4w\nodejs/node.exe" "C:\nvm4w\nodejs/node_modules/npm/bin/np ...
+ ~~~~~~~~~~~~~~~~~~~~~~~~~~~~~~~~~~~~~~~~~~~~~~~~~~~~~~~~~~~~~~~~~~~~~
    + CategoryInfo          : NotSpecified: (FAIL tests/saleOrder.test.js (5.7 
   72 s):String) [], RemoteException
    + FullyQualifiedErrorId : NativeCommandError
 
  ÔùÅ POST /api/sale-orders ÔÇ║ cr├®e une commande et retourne un clientSecret

    TypeError: Cannot read properties of undefined (reading 'create')

    [0m [90m 29 |[39m beforeAll([36masync[39m () [33m=>[39m {
     [90m 30 |[39m   [90m// Cr├®er cat├®gorie[39m
    [31m[1m>[22m[39m[90m 31 |[39m   [36mconst[39m cat [33m=[39m 
[36mawait[39m [33mCategory[39m[33m.[39mcreate({ name[33m:[39m 
[32m'Berline'[39m })[33m;[39m
     [90m    |[39m                              [31m[1m^[22m[39m
     [90m 32 |[39m   categoryId [33m=[39m cat[33m.[39m_id[33m;[39m
     [90m 33 |[39m
     [90m 34 |[39m   [90m// Cr├®er users[39m[0m

      at Object.create (tests/saleOrder.test.js:31:30)

  ÔùÅ POST /api/sale-orders ÔÇ║ cr├®e une commande et retourne un clientSecret

    TypeError: Cannot read properties of undefined (reading 'deleteMany')

    [0m [90m 71 |[39m
     [90m 72 |[39m afterEach([36masync[39m () [33m=>[39m {
    [31m[1m>[22m[39m[90m 73 |[39m   [36mawait[39m 
[33mSaleOrder[39m[33m.[39mdeleteMany({})[33m;[39m
     [90m    |[39m                   [31m[1m^[22m[39m
     [90m 74 |[39m   [36mawait[39m 
[33mPayment[39m[33m.[39mdeleteMany({})[33m;[39m
     [90m 75 |[39m })[33m;[39m
     [90m 76 |[39m[0m

      at Object.deleteMany (tests/saleOrder.test.js:73:19)

  ÔùÅ POST /api/sale-orders ÔÇ║ refuse si v├®hicule non disponible ├á la vente

    TypeError: Cannot read properties of undefined (reading 'create')

    [0m [90m 29 |[39m beforeAll([36masync[39m () [33m=>[39m {
     [90m 30 |[39m   [90m// Cr├®er cat├®gorie[39m
    [31m[1m>[22m[39m[90m 31 |[39m   [36mconst[39m cat [33m=[39m 
[36mawait[39m [33mCategory[39m[33m.[39mcreate({ name[33m:[39m 
[32m'Berline'[39m })[33m;[39m
     [90m    |[39m                              [31m[1m^[22m[39m
     [90m 32 |[39m   categoryId [33m=[39m cat[33m.[39m_id[33m;[39m
     [90m 33 |[39m
     [90m 34 |[39m   [90m// Cr├®er users[39m[0m

      at Object.create (tests/saleOrder.test.js:31:30)

  ÔùÅ POST /api/sale-orders ÔÇ║ refuse si v├®hicule non disponible ├á la vente

    TypeError: Cannot read properties of undefined (reading 'deleteMany')

    [0m [90m 71 |[39m
     [90m 72 |[39m afterEach([36masync[39m () [33m=>[39m {
    [31m[1m>[22m[39m[90m 73 |[39m   [36mawait[39m 
[33mSaleOrder[39m[33m.[39mdeleteMany({})[33m;[39m
     [90m    |[39m                   [31m[1m^[22m[39m
     [90m 74 |[39m   [36mawait[39m 
[33mPayment[39m[33m.[39mdeleteMany({})[33m;[39m
     [90m 75 |[39m })[33m;[39m
     [90m 76 |[39m[0m

      at Object.deleteMany (tests/saleOrder.test.js:73:19)

  ÔùÅ POST /api/sale-orders ÔÇ║ refuse une 2e commande pending sur le m├¬me 
v├®hicule

    TypeError: Cannot read properties of undefined (reading 'create')

    [0m [90m 29 |[39m beforeAll([36masync[39m () [33m=>[39m {
     [90m 30 |[39m   [90m// Cr├®er cat├®gorie[39m
    [31m[1m>[22m[39m[90m 31 |[39m   [36mconst[39m cat [33m=[39m 
[36mawait[39m [33mCategory[39m[33m.[39mcreate({ name[33m:[39m 
[32m'Berline'[39m })[33m;[39m
     [90m    |[39m                              [31m[1m^[22m[39m
     [90m 32 |[39m   categoryId [33m=[39m cat[33m.[39m_id[33m;[39m
     [90m 33 |[39m
     [90m 34 |[39m   [90m// Cr├®er users[39m[0m

      at Object.create (tests/saleOrder.test.js:31:30)

  ÔùÅ POST /api/sale-orders ÔÇ║ refuse une 2e commande pending sur le m├¬me 
v├®hicule

    TypeError: Cannot read properties of undefined (reading 'deleteMany')

    [0m [90m 71 |[39m
     [90m 72 |[39m afterEach([36masync[39m () [33m=>[39m {
    [31m[1m>[22m[39m[90m 73 |[39m   [36mawait[39m 
[33mSaleOrder[39m[33m.[39mdeleteMany({})[33m;[39m
     [90m    |[39m                   [31m[1m^[22m[39m
     [90m 74 |[39m   [36mawait[39m 
[33mPayment[39m[33m.[39mdeleteMany({})[33m;[39m
     [90m 75 |[39m })[33m;[39m
     [90m 76 |[39m[0m

      at Object.deleteMany (tests/saleOrder.test.js:73:19)

  ÔùÅ POST /api/sale-orders ÔÇ║ refuse sans authentification

    TypeError: Cannot read properties of undefined (reading 'create')

    [0m [90m 29 |[39m beforeAll([36masync[39m () [33m=>[39m {
     [90m 30 |[39m   [90m// Cr├®er cat├®gorie[39m
    [31m[1m>[22m[39m[90m 31 |[39m   [36mconst[39m cat [33m=[39m 
[36mawait[39m [33mCategory[39m[33m.[39mcreate({ name[33m:[39m 
[32m'Berline'[39m })[33m;[39m
     [90m    |[39m                              [31m[1m^[22m[39m
     [90m 32 |[39m   categoryId [33m=[39m cat[33m.[39m_id[33m;[39m
     [90m 33 |[39m
     [90m 34 |[39m   [90m// Cr├®er users[39m[0m

      at Object.create (tests/saleOrder.test.js:31:30)

  ÔùÅ POST /api/sale-orders ÔÇ║ refuse sans authentification

    TypeError: Cannot read properties of undefined (reading 'deleteMany')

    [0m [90m 71 |[39m
     [90m 72 |[39m afterEach([36masync[39m () [33m=>[39m {
    [31m[1m>[22m[39m[90m 73 |[39m   [36mawait[39m 
[33mSaleOrder[39m[33m.[39mdeleteMany({})[33m;[39m
     [90m    |[39m                   [31m[1m^[22m[39m
     [90m 74 |[39m   [36mawait[39m 
[33mPayment[39m[33m.[39mdeleteMany({})[33m;[39m
     [90m 75 |[39m })[33m;[39m
     [90m 76 |[39m[0m

      at Object.deleteMany (tests/saleOrder.test.js:73:19)

  ÔùÅ GET /api/sale-orders ÔÇ║ retourne uniquement les commandes de 
l'utilisateur connect├®

    TypeError: Cannot read properties of undefined (reading 'create')

    [0m [90m 29 |[39m beforeAll([36masync[39m () [33m=>[39m {
     [90m 30 |[39m   [90m// Cr├®er cat├®gorie[39m
    [31m[1m>[22m[39m[90m 31 |[39m   [36mconst[39m cat [33m=[39m 
[36mawait[39m [33mCategory[39m[33m.[39mcreate({ name[33m:[39m 
[32m'Berline'[39m })[33m;[39m
     [90m    |[39m                              [31m[1m^[22m[39m
     [90m 32 |[39m   categoryId [33m=[39m cat[33m.[39m_id[33m;[39m
     [90m 33 |[39m
     [90m 34 |[39m   [90m// Cr├®er users[39m[0m

      at Object.create (tests/saleOrder.test.js:31:30)

  ÔùÅ GET /api/sale-orders ÔÇ║ retourne uniquement les commandes de 
l'utilisateur connect├®

    TypeError: Cannot read properties of undefined (reading 'deleteMany')

    [0m [90m 71 |[39m
     [90m 72 |[39m afterEach([36masync[39m () [33m=>[39m {
    [31m[1m>[22m[39m[90m 73 |[39m   [36mawait[39m 
[33mSaleOrder[39m[33m.[39mdeleteMany({})[33m;[39m
     [90m    |[39m                   [31m[1m^[22m[39m
     [90m 74 |[39m   [36mawait[39m 
[33mPayment[39m[33m.[39mdeleteMany({})[33m;[39m
     [90m 75 |[39m })[33m;[39m
     [90m 76 |[39m[0m

      at Object.deleteMany (tests/saleOrder.test.js:73:19)

  ÔùÅ GET /api/sale-orders ÔÇ║ admin voit toutes les commandes

    TypeError: Cannot read properties of undefined (reading 'create')

    [0m [90m 29 |[39m beforeAll([36masync[39m () [33m=>[39m {
     [90m 30 |[39m   [90m// Cr├®er cat├®gorie[39m
    [31m[1m>[22m[39m[90m 31 |[39m   [36mconst[39m cat [33m=[39m 
[36mawait[39m [33mCategory[39m[33m.[39mcreate({ name[33m:[39m 
[32m'Berline'[39m })[33m;[39m
     [90m    |[39m                              [31m[1m^[22m[39m
     [90m 32 |[39m   categoryId [33m=[39m cat[33m.[39m_id[33m;[39m
     [90m 33 |[39m
     [90m 34 |[39m   [90m// Cr├®er users[39m[0m

      at Object.create (tests/saleOrder.test.js:31:30)

  ÔùÅ GET /api/sale-orders ÔÇ║ admin voit toutes les commandes

    TypeError: Cannot read properties of undefined (reading 'deleteMany')

    [0m [90m 71 |[39m
     [90m 72 |[39m afterEach([36masync[39m () [33m=>[39m {
    [31m[1m>[22m[39m[90m 73 |[39m   [36mawait[39m 
[33mSaleOrder[39m[33m.[39mdeleteMany({})[33m;[39m
     [90m    |[39m                   [31m[1m^[22m[39m
     [90m 74 |[39m   [36mawait[39m 
[33mPayment[39m[33m.[39mdeleteMany({})[33m;[39m
     [90m 75 |[39m })[33m;[39m
     [90m 76 |[39m[0m

      at Object.deleteMany (tests/saleOrder.test.js:73:19)

  ÔùÅ PATCH /api/sale-orders/:id/cancel ÔÇ║ annule une commande pending

    TypeError: Cannot read properties of undefined (reading 'create')

    [0m [90m 29 |[39m beforeAll([36masync[39m () [33m=>[39m {
     [90m 30 |[39m   [90m// Cr├®er cat├®gorie[39m
    [31m[1m>[22m[39m[90m 31 |[39m   [36mconst[39m cat [33m=[39m 
[36mawait[39m [33mCategory[39m[33m.[39mcreate({ name[33m:[39m 
[32m'Berline'[39m })[33m;[39m
     [90m    |[39m                              [31m[1m^[22m[39m
     [90m 32 |[39m   categoryId [33m=[39m cat[33m.[39m_id[33m;[39m
     [90m 33 |[39m
     [90m 34 |[39m   [90m// Cr├®er users[39m[0m

      at Object.create (tests/saleOrder.test.js:31:30)

  ÔùÅ PATCH /api/sale-orders/:id/cancel ÔÇ║ annule une commande pending

    TypeError: Cannot read properties of undefined (reading 'deleteMany')

    [0m [90m 71 |[39m
     [90m 72 |[39m afterEach([36masync[39m () [33m=>[39m {
    [31m[1m>[22m[39m[90m 73 |[39m   [36mawait[39m 
[33mSaleOrder[39m[33m.[39mdeleteMany({})[33m;[39m
     [90m    |[39m                   [31m[1m^[22m[39m
     [90m 74 |[39m   [36mawait[39m 
[33mPayment[39m[33m.[39mdeleteMany({})[33m;[39m
     [90m 75 |[39m })[33m;[39m
     [90m 76 |[39m[0m

      at Object.deleteMany (tests/saleOrder.test.js:73:19)

  ÔùÅ PATCH /api/sale-orders/:id/cancel ÔÇ║ refuse d'annuler une commande 
d├®j├á pay├®e

    TypeError: Cannot read properties of undefined (reading 'create')

    [0m [90m 29 |[39m beforeAll([36masync[39m () [33m=>[39m {
     [90m 30 |[39m   [90m// Cr├®er cat├®gorie[39m
    [31m[1m>[22m[39m[90m 31 |[39m   [36mconst[39m cat [33m=[39m 
[36mawait[39m [33mCategory[39m[33m.[39mcreate({ name[33m:[39m 
[32m'Berline'[39m })[33m;[39m
     [90m    |[39m                              [31m[1m^[22m[39m
     [90m 32 |[39m   categoryId [33m=[39m cat[33m.[39m_id[33m;[39m
     [90m 33 |[39m
     [90m 34 |[39m   [90m// Cr├®er users[39m[0m

      at Object.create (tests/saleOrder.test.js:31:30)

  ÔùÅ PATCH /api/sale-orders/:id/cancel ÔÇ║ refuse d'annuler une commande 
d├®j├á pay├®e

    TypeError: Cannot read properties of undefined (reading 'deleteMany')

    [0m [90m 71 |[39m
     [90m 72 |[39m afterEach([36masync[39m () [33m=>[39m {
    [31m[1m>[22m[39m[90m 73 |[39m   [36mawait[39m 
[33mSaleOrder[39m[33m.[39mdeleteMany({})[33m;[39m
     [90m    |[39m                   [31m[1m^[22m[39m
     [90m 74 |[39m   [36mawait[39m 
[33mPayment[39m[33m.[39mdeleteMany({})[33m;[39m
     [90m 75 |[39m })[33m;[39m
     [90m 76 |[39m[0m

      at Object.deleteMany (tests/saleOrder.test.js:73:19)

  ÔùÅ PATCH /api/sale-orders/:id/status (admin) ÔÇ║ admin change le statut en 
shipped

    TypeError: Cannot read properties of undefined (reading 'create')

    [0m [90m 29 |[39m beforeAll([36masync[39m () [33m=>[39m {
     [90m 30 |[39m   [90m// Cr├®er cat├®gorie[39m
    [31m[1m>[22m[39m[90m 31 |[39m   [36mconst[39m cat [33m=[39m 
[36mawait[39m [33mCategory[39m[33m.[39mcreate({ name[33m:[39m 
[32m'Berline'[39m })[33m;[39m
     [90m    |[39m                              [31m[1m^[22m[39m
     [90m 32 |[39m   categoryId [33m=[39m cat[33m.[39m_id[33m;[39m
     [90m 33 |[39m
     [90m 34 |[39m   [90m// Cr├®er users[39m[0m

      at Object.create (tests/saleOrder.test.js:31:30)

  ÔùÅ PATCH /api/sale-orders/:id/status (admin) ÔÇ║ admin change le statut en 
shipped

    TypeError: Cannot read properties of undefined (reading 'deleteMany')

    [0m [90m 71 |[39m
     [90m 72 |[39m afterEach([36masync[39m () [33m=>[39m {
    [31m[1m>[22m[39m[90m 73 |[39m   [36mawait[39m 
[33mSaleOrder[39m[33m.[39mdeleteMany({})[33m;[39m
     [90m    |[39m                   [31m[1m^[22m[39m
     [90m 74 |[39m   [36mawait[39m 
[33mPayment[39m[33m.[39mdeleteMany({})[33m;[39m
     [90m 75 |[39m })[33m;[39m
     [90m 76 |[39m[0m

      at Object.deleteMany (tests/saleOrder.test.js:73:19)

  ÔùÅ PATCH /api/sale-orders/:id/status (admin) ÔÇ║ marque le v├®hicule comme 
vendu quand delivered

    TypeError: Cannot read properties of undefined (reading 'create')

    [0m [90m 29 |[39m beforeAll([36masync[39m () [33m=>[39m {
     [90m 30 |[39m   [90m// Cr├®er cat├®gorie[39m
    [31m[1m>[22m[39m[90m 31 |[39m   [36mconst[39m cat [33m=[39m 
[36mawait[39m [33mCategory[39m[33m.[39mcreate({ name[33m:[39m 
[32m'Berline'[39m })[33m;[39m
     [90m    |[39m                              [31m[1m^[22m[39m
     [90m 32 |[39m   categoryId [33m=[39m cat[33m.[39m_id[33m;[39m
     [90m 33 |[39m
     [90m 34 |[39m   [90m// Cr├®er users[39m[0m

      at Object.create (tests/saleOrder.test.js:31:30)

  ÔùÅ PATCH /api/sale-orders/:id/status (admin) ÔÇ║ marque le v├®hicule comme 
vendu quand delivered

    TypeError: Cannot read properties of undefined (reading 'deleteMany')

    [0m [90m 71 |[39m
     [90m 72 |[39m afterEach([36masync[39m () [33m=>[39m {
    [31m[1m>[22m[39m[90m 73 |[39m   [36mawait[39m 
[33mSaleOrder[39m[33m.[39mdeleteMany({})[33m;[39m
     [90m    |[39m                   [31m[1m^[22m[39m
     [90m 74 |[39m   [36mawait[39m 
[33mPayment[39m[33m.[39mdeleteMany({})[33m;[39m
     [90m 75 |[39m })[33m;[39m
     [90m 76 |[39m[0m

      at Object.deleteMany (tests/saleOrder.test.js:73:19)

  ÔùÅ PATCH /api/sale-orders/:id/status (admin) ÔÇ║ refuse ├á un user normal

    TypeError: Cannot read properties of undefined (reading 'create')

    [0m [90m 29 |[39m beforeAll([36masync[39m () [33m=>[39m {
     [90m 30 |[39m   [90m// Cr├®er cat├®gorie[39m
    [31m[1m>[22m[39m[90m 31 |[39m   [36mconst[39m cat [33m=[39m 
[36mawait[39m [33mCategory[39m[33m.[39mcreate({ name[33m:[39m 
[32m'Berline'[39m })[33m;[39m
     [90m    |[39m                              [31m[1m^[22m[39m
     [90m 32 |[39m   categoryId [33m=[39m cat[33m.[39m_id[33m;[39m
     [90m 33 |[39m
     [90m 34 |[39m   [90m// Cr├®er users[39m[0m

      at Object.create (tests/saleOrder.test.js:31:30)

  ÔùÅ PATCH /api/sale-orders/:id/status (admin) ÔÇ║ refuse ├á un user normal

    TypeError: Cannot read properties of undefined (reading 'deleteMany')

    [0m [90m 71 |[39m
     [90m 72 |[39m afterEach([36masync[39m () [33m=>[39m {
    [31m[1m>[22m[39m[90m 73 |[39m   [36mawait[39m 
[33mSaleOrder[39m[33m.[39mdeleteMany({})[33m;[39m
     [90m    |[39m                   [31m[1m^[22m[39m
     [90m 74 |[39m   [36mawait[39m 
[33mPayment[39m[33m.[39mdeleteMany({})[33m;[39m
     [90m 75 |[39m })[33m;[39m
     [90m 76 |[39m[0m

      at Object.deleteMany (tests/saleOrder.test.js:73:19)


  ÔùÅ Test suite failed to run

    thrown: "Exceeded timeout of 5000 ms for a hook.
    Add a timeout value to this test to increase the timeout, if this is a 
long-running test. See https://jestjs.io/docs/api#testname-fn-timeout."

    [0m [90m 66 |[39m })[33m;[39m
     [90m 67 |[39m
    [31m[1m>[22m[39m[90m 68 |[39m afterAll([36masync[39m () 
[33m=>[39m {
     [90m    |[39m [31m[1m^[22m[39m
     [90m 69 |[39m   [36mawait[39m 
mongoose[33m.[39mconnection[33m.[39mdropDatabase()[33m;[39m
     [90m 70 |[39m })[33m;[39m
     [90m 71 |[39m[0m

      at Object.afterAll (tests/saleOrder.test.js:68:1)

Test Suites: 1 failed, 1 total
Tests:       11 failed, 11 total
Snapshots:   0 total
Time:        5.836 s, estimated 7 s
Ran all test suites matching /tests\\saleOrder.test.js/i.
Jest did not exit one second after the test run has completed.

'This usually means that there are asynchronous operations that weren't 
stopped in your tests. Consider running Jest with `--detectOpenHandles` to 
troubleshoot this issue.
